22:29:03 **** Incremental Build of configuration Debug for project blinkTest ****
make -j2 all 
arm-none-eabi-gcc "../Core/Src/main.c" -mcpu=cortex-m4 -std=gnu11 -g3 -DDEBUG -DUSE_HAL_DRIVER -DSTM32L432xx -c -I../Core/Inc -I../Drivers/STM32L4xx_HAL_Driver/Inc -I../Drivers/STM32L4xx_HAL_Driver/Inc/Legacy -I../Drivers/CMSIS/Device/ST/STM32L4xx/Include -I../Drivers/CMSIS/Include -O0 -ffunction-sections -fdata-sections -Wall -fstack-usage -MMD -MP -MF"Core/Src/main.d" -MT"Core/Src/main.o" --specs=nano.specs -mfpu=fpv4-sp-d16 -mfloat-abi=hard -mthumb -o "Core/Src/main.o"
arm-none-eabi-gcc -o "blinkTest.elf" @"objects.list"   -mcpu=cortex-m4 -T"C:\Users\sohaenglee\Desktop\446RE_PROJ\blinkTest\STM32L432KCUX_FLASH.ld" --specs=nosys.specs -Wl,-Map="blinkTest.map" -Wl,--gc-sections -static --specs=nano.specs -mfpu=fpv4-sp-d16 -mfloat-abi=hard -mthumb -Wl,--start-group -lc -lm -Wl,--end-group
Finished building target: blinkTest.elf
 
arm-none-eabi-objdump -h -S  blinkTest.elf  > "blinkTest.list"
arm-none-eabi-objcopy  -O binary  blinkTest.elf  "blinkTest.bin"
Finished building: blinkTest.bin
 
Finished building: blinkTest.list
arm-none-eabi-size   blinkTest.elf 
   text	   data	    bss	    dec	    hex	filename
  10884	     20	   1700	  12604	   313c	blinkTest.elf
 
Finished building: default.size.stdout
 

22:29:05 Build Finished. 0 errors, 0 warnings. (took 2s.187ms)

